<testsuite tests="23">
  <testcase classname="BillStatusSchedulableTest" name="getMonthTextTest" time="137" />
  <testcase classname="BillStatusSchedulableTest" name="withEmailTemplate" time="1817" />
  <testcase classname="BillStatusSchedulableTest" name="withoutEmailTemplate" time="83" />
  <testcase classname="CreateSharedExpenseHelperTest" name="getAllContactsActive" time="290" />
  <testcase classname="CreateSharedExpenseHelperTest" name="getAllContactsNoActive" time="95" />
  <testcase classname="CreateSharedExpenseHelperTest" name="getLoggedContactTest" time="114" />
  <testcase classname="CreateSharedExpenseHelperTest" name="lookupMethodsTest" time="165" />
  <testcase classname="CreateSharedExpenseHelperTest" name="searchForAccount" time="235" />
  <testcase classname="CreateSharedExpenseHelperTest" name="searchForAccountWithoutSearchTerm" time="172" />
  <testcase classname="CreateSharedExpenseHelperTest" name="searchForCategory" time="104" />
  <testcase classname="CreateSharedExpenseHelperTest" name="searchForCategoryWithoutSearchTerm" time="67" />
  <testcase classname="CreateSharedExpenseHelperTest" name="searchForEvent" time="165" />
  <testcase classname="CreateSharedExpenseHelperTest" name="searchForEventWithoutSearchTerm" time="75" />
  <testcase classname="CreateSharedExpenseHelperTest" name="searchForLastUsedAccountsInTrx" time="539" />
  <testcase classname="CurrentStatusUtilsTest" name="getBillsTest" time="747" />
  <testcase classname="PostInstallTest" name="scheduleJobCreationNoNeeded" time="243" />
  <testcase classname="PostInstallTest" name="scheduleJobCreationSuccess" time="91" />
  <testcase classname="StatusControllerTest" name="dianaDebtScenario" time="445" />
  <testcase classname="StatusControllerTest" name="getContactsEmailCorrectly" time="363" />
  <testcase classname="StatusControllerTest" name="luisDebtScenario" time="354" />
  <testcase classname="TransactionTriggerTest" name="postToChatterWhenDebt" time="2783" />
  <testcase classname="TransactionTriggerTest" name="testEventAmountCalculation" time="547" />
  <testcase classname="TransactionTriggerTest" name="testEventAmountCalculation2" time="1105" />
</testsuite>